<?php return array (
  0 => 'Symfony\\Bundle\\FrameworkBundle\\Controller\\AbstractController',
  1 => 'App\\Controller\\Admin\\AdminController',
  2 => 'App\\Controller\\Admin\\MovieCrudController',
  3 => 'App\\Controller\\Admin\\SubuserCrudController',
  4 => 'App\\Controller\\Admin\\UserCrudController',
  5 => 'App\\Controller\\ExceptionController',
  6 => 'App\\Controller\\LoginController',
  7 => 'App\\Controller\\MailerController',
  8 => 'App\\Controller\\MoviesController',
  9 => 'App\\Controller\\RegistrationController',
  10 => 'App\\Controller\\SubuserController',
  11 => 'App\\Entity\\Category',
  12 => 'App\\Entity\\Movie',
  13 => 'App\\Entity\\Subuser',
  14 => 'App\\Entity\\User',
  15 => 'Doctrine\\Bundle\\DoctrineBundle\\Controller\\ProfilerController',
  16 => 'Doctrine\\ORM\\Cache\\Persister\\Entity\\AbstractEntityPersister',
  17 => 'Doctrine\\ORM\\Cache\\Persister\\Entity\\CachedEntityPersister',
  18 => 'Doctrine\\ORM\\Cache\\Persister\\Entity\\NonStrictReadWriteCachedEntityPersister',
  19 => 'Doctrine\\ORM\\Cache\\Persister\\Entity\\ReadOnlyCachedEntityPersister',
  20 => 'Doctrine\\ORM\\Cache\\Persister\\Entity\\ReadWriteCachedEntityPersister',
  21 => 'Doctrine\\ORM\\Persisters\\Entity\\AbstractEntityInheritancePersister',
  22 => 'Doctrine\\ORM\\Persisters\\Entity\\BasicEntityPersister',
  23 => 'Doctrine\\ORM\\Persisters\\Entity\\CachedPersisterContext',
  24 => 'Doctrine\\ORM\\Persisters\\Entity\\EntityPersister',
  25 => 'Doctrine\\ORM\\Persisters\\Entity\\JoinedSubclassPersister',
  26 => 'Doctrine\\ORM\\Persisters\\Entity\\SingleTablePersister',
  28 => 'Symfony\\Bundle\\FrameworkBundle\\Controller\\ControllerResolver',
  29 => 'Symfony\\Bundle\\FrameworkBundle\\Controller\\RedirectController',
  30 => 'Symfony\\Bundle\\FrameworkBundle\\Controller\\TemplateController',
  31 => 'Symfony\\Bundle\\WebProfilerBundle\\Controller\\ExceptionPanelController',
  32 => 'Symfony\\Bundle\\WebProfilerBundle\\Controller\\ProfilerController',
  33 => 'Symfony\\Bundle\\WebProfilerBundle\\Controller\\RouterController',
  34 => 'Symfony\\Component\\HttpKernel\\Controller\\ArgumentResolver',
  35 => 'Symfony\\Component\\HttpKernel\\Controller\\ArgumentResolverInterface',
  36 => 'Symfony\\Component\\HttpKernel\\Controller\\ArgumentResolver\\DefaultValueResolver',
  37 => 'Symfony\\Component\\HttpKernel\\Controller\\ArgumentResolver\\NotTaggedControllerValueResolver',
  38 => 'Symfony\\Component\\HttpKernel\\Controller\\ArgumentResolver\\RequestAttributeValueResolver',
  39 => 'Symfony\\Component\\HttpKernel\\Controller\\ArgumentResolver\\RequestValueResolver',
  40 => 'Symfony\\Component\\HttpKernel\\Controller\\ArgumentResolver\\ServiceValueResolver',
  41 => 'Symfony\\Component\\HttpKernel\\Controller\\ArgumentResolver\\SessionValueResolver',
  42 => 'Symfony\\Component\\HttpKernel\\Controller\\ArgumentResolver\\TraceableValueResolver',
  43 => 'Symfony\\Component\\HttpKernel\\Controller\\ArgumentResolver\\VariadicValueResolver',
  44 => 'Symfony\\Component\\HttpKernel\\Controller\\ArgumentValueResolverInterface',
  45 => 'Symfony\\Component\\HttpKernel\\Controller\\ContainerControllerResolver',
  46 => 'Symfony\\Component\\HttpKernel\\Controller\\ControllerReference',
  47 => 'Symfony\\Component\\HttpKernel\\Controller\\ControllerResolver',
  48 => 'Symfony\\Component\\HttpKernel\\Controller\\ControllerResolverInterface',
  49 => 'Symfony\\Component\\HttpKernel\\Controller\\ErrorController',
  50 => 'Symfony\\Component\\HttpKernel\\Controller\\TraceableArgumentResolver',
  51 => 'Symfony\\Component\\HttpKernel\\Controller\\TraceableControllerResolver',
  52 => 'Symfony\\Component\\Security\\Http\\Controller\\UserValueResolver',
);